7EB00002000000003B9C54AA0002002E163A170E0217FFCC13BD001C01090000120068004300D0E49D0D0700010000000000163A170E0217163A170E0217
